// Jest Snapshot v1, https://goo.gl/fbAQLP

exports[`Input Lab type into an input field 1`] = `
<input
  value="Hello,"
/>
`;
